// Jest Snapshot v1, https://goo.gl/fbAQLP

exports[`TagButtonGroup should render correctly 1`] = `ShallowWrapper {}`;
